Running tests ...
[1A[KRunning 8 tests in 1 runtime ...
[1A[K[1m[32m8 tests, 43 assertions, 1 runtime ... OK[0m
